============================= test session starts =============================
platform win32 -- Python 3.11.9, pytest-9.0.1, pluggy-1.6.0 -- C:\Users\FCI\AppData\Local\Programs\Python\Python311\python.exe
cachedir: .pytest_cache
hypothesis profile 'default'
rootdir: C:\Users\FCI\Desktop\IMP\agent-trust
configfile: pyproject.toml
plugins: anyio-4.11.0, hypothesis-6.148.7, langsmith-0.4.59, asyncio-1.3.0, cov-7.0.0
asyncio: mode=Mode.AUTO, debug=False, asyncio_default_fixture_loop_scope=None, asyncio_default_test_loop_scope=function
collecting ... collected 67 items

tests/test_agent_id.py::TestKeyManager::test_derive_identity_key_is_deterministic PASSED [  1%]
tests/test_agent_id.py::TestKeyManager::test_different_prompts_produce_different_keys PASSED [  2%]
tests/test_agent_id.py::TestKeyManager::test_sign_and_verify PASSED      [  4%]
tests/test_agent_id.py::TestKeyManager::test_verify_fails_with_wrong_message PASSED [  5%]
tests/test_agent_id.py::TestKeyManager::test_transport_key_is_random PASSED [  7%]
tests/test_agent_id.py::TestKeyManager::test_transport_key_rotation PASSED [  8%]
tests/test_agent_id.py::TestAgentIDManager::test_register_agent PASSED   [ 10%]
tests/test_agent_id.py::TestAgentIDManager::test_duplicate_fingerprint_rejected PASSED [ 11%]
tests/test_agent_id.py::TestAgentIDManager::test_sign_and_verify_message PASSED [ 13%]
tests/test_agent_id.py::TestAgentIDManager::test_revoke_identity PASSED  [ 14%]
tests/test_agent_id.py::TestAgentIDManager::test_list_agents_by_org PASSED [ 16%]
tests/test_consent_audit.py::TestConsentChainManager::test_create_chain PASSED [ 17%]
tests/test_consent_audit.py::TestConsentChainManager::test_extend_chain PASSED [ 19%]
tests/test_consent_audit.py::TestConsentChainManager::test_scope_escalation_rejected PASSED [ 20%]
tests/test_consent_audit.py::TestConsentChainManager::test_wrong_grantor_rejected PASSED [ 22%]
tests/test_consent_audit.py::TestConsentChainManager::test_verify_chain PASSED [ 23%]
tests/test_consent_audit.py::TestConsentChainManager::test_chain_summary PASSED [ 25%]
tests/test_consent_audit.py::TestConsentChainManager::test_export_audit_trail PASSED [ 26%]
tests/test_consent_audit.py::TestComplianceChecker::test_gdpr_compliance_passes PASSED [ 28%]
tests/test_consent_audit.py::TestComplianceChecker::test_soc2_compliance_passes PASSED [ 29%]
tests/test_consent_audit.py::TestComplianceChecker::test_check_all_standards PASSED [ 31%]
tests/test_east_west_monitor.py::TestA2AInterceptor::test_record_event PASSED [ 32%]
tests/test_east_west_monitor.py::TestA2AInterceptor::test_capture_context_manager PASSED [ 34%]
tests/test_east_west_monitor.py::TestA2AInterceptor::test_filter_events PASSED [ 35%]
tests/test_east_west_monitor.py::TestA2AInterceptor::test_pause_resume PASSED [ 37%]
tests/test_east_west_monitor.py::TestTrafficAnalyzer::test_update_profile PASSED [ 38%]
tests/test_east_west_monitor.py::TestTrafficAnalyzer::test_error_rate_detection PASSED [ 40%]
tests/test_east_west_monitor.py::TestTrafficAnalyzer::test_dashboard_data PASSED [ 41%]
tests/test_east_west_monitor.py::TestEventStore::test_store_and_query PASSED [ 43%]
tests/test_east_west_monitor.py::TestEventStore::test_batch_store PASSED [ 44%]
tests/test_east_west_monitor.py::TestEventStore::test_agent_summary PASSED [ 46%]
tests/test_east_west_monitor.py::TestEventStore::test_stats PASSED       [ 47%]
tests/test_reputation_ledger.py::TestMerkleTree::test_add_leaf PASSED    [ 49%]
tests/test_reputation_ledger.py::TestMerkleTree::test_root_hash_changes_on_add PASSED [ 50%]
tests/test_reputation_ledger.py::TestMerkleTree::test_same_data_produces_same_hash PASSED [ 52%]
tests/test_reputation_ledger.py::TestMerkleTree::test_proof_generation_and_verification PASSED [ 53%]
tests/test_reputation_ledger.py::TestMerkleTree::test_integrity_check PASSED [ 55%]
tests/test_reputation_ledger.py::TestReputationLedger::test_record_interaction PASSED [ 56%]
tests/test_reputation_ledger.py::TestReputationLedger::test_reputation_score PASSED [ 58%]
tests/test_reputation_ledger.py::TestReputationLedger::test_insufficient_history PASSED [ 59%]
tests/test_reputation_ledger.py::TestReputationLedger::test_low_reliability_score PASSED [ 61%]
tests/test_reputation_ledger.py::TestReputationLedger::test_merkle_integrity PASSED [ 62%]
tests/test_reputation_ledger.py::TestReputationLedger::test_leaderboard PASSED [ 64%]
tests/test_reputation_ledger.py::TestReputationQuery::test_risk_assessment PASSED [ 65%]
tests/test_reputation_ledger.py::TestReputationQuery::test_meets_threshold PASSED [ 67%]
tests/test_scoped_token.py::TestTokenPolicy::test_trust_level_scopes PASSED [ 68%]
tests/test_scoped_token.py::TestTokenPolicy::test_sensitive_tasks_get_single_use PASSED [ 70%]
tests/test_scoped_token.py::TestTokenPolicy::test_custom_policy PASSED   [ 71%]
tests/test_scoped_token.py::TestScopedTokenManager::test_issue_and_validate PASSED [ 73%]
tests/test_scoped_token.py::TestScopedTokenManager::test_wrong_presenter_rejected PASSED [ 74%]
tests/test_scoped_token.py::TestScopedTokenManager::test_single_use_token PASSED [ 76%]
tests/test_scoped_token.py::TestScopedTokenManager::test_scope_exceeded_rejected PASSED [ 77%]
tests/test_scoped_token.py::TestScopedTokenManager::test_revoke_token PASSED [ 79%]
tests/test_scoped_token.py::TestScopedTokenManager::test_stats PASSED    [ 80%]
tests/test_scoped_token.py::TestTokenValidator::test_validate_with_signing_key PASSED [ 82%]
tests/test_scoped_token.py::TestTokenValidator::test_wrong_key_rejected PASSED [ 83%]
tests/test_trust_graph.py::TestTrustGraph::test_add_agent PASSED         [ 85%]
tests/test_trust_graph.py::TestTrustGraph::test_add_trust_edge PASSED    [ 86%]
tests/test_trust_graph.py::TestTrustGraph::test_trust_level_query PASSED [ 88%]
tests/test_trust_graph.py::TestTrustGraph::test_remove_agent PASSED      [ 89%]
tests/test_trust_graph.py::TestTrustGraph::test_find_trust_chains PASSED [ 91%]
tests/test_trust_graph.py::TestTrustGraph::test_delegation_depth PASSED  [ 92%]
tests/test_trust_graph.py::TestTrustGraph::test_agent_not_found PASSED   [ 94%]
tests/test_trust_graph.py::TestCascadeDetector::test_detect_deep_transitive_trust PASSED [ 95%]
tests/test_trust_graph.py::TestCascadeDetector::test_detect_circular_dependency PASSED [ 97%]
tests/test_trust_graph.py::TestCascadeDetector::test_detect_shadow_trust PASSED [ 98%]
tests/test_trust_graph.py::TestCascadeDetector::test_graph_stats PASSED  [100%]

============================= 67 passed in 0.75s ==============================
